2022/06/10 12:53:08 /Users/a81801/GolandProjects/GoLesson/lesson.go:82: Exit open affaafafa: no such file or directory
